2022-01-02T18:34:51.408107+00:00 app[api]: Initial release by user piotr.mitkowski87@gmail.com
2022-01-02T18:34:51.408107+00:00 app[api]: Release v1 created by user piotr.mitkowski87@gmail.com
2022-01-02T18:34:51.555408+00:00 app[api]: Release v2 created by user piotr.mitkowski87@gmail.com
2022-01-02T18:34:51.555408+00:00 app[api]: Enable Logplex by user piotr.mitkowski87@gmail.com
2022-01-02T18:35:12.855109+00:00 heroku[router]: at=info code=H81 desc="Blank app" method=GET path="/" host=mm-tests1.herokuapp.com request_id=07c1add1-2776-4553-a4bf-17a0d6d4a779 fwd="109.233.92.25" dyno= connect= service= status=502 bytes= protocol=https
2022-01-02T18:35:12.945746+00:00 heroku[router]: at=info code=H81 desc="Blank app" method=GET path="/favicon.ico" host=mm-tests1.herokuapp.com request_id=a574b35f-ec31-4b04-a16f-d983be0be852 fwd="109.233.92.25" dyno= connect= service= status=502 bytes= protocol=https
2022-01-02T19:25:52.297267+00:00 heroku[router]: at=info code=H81 desc="Blank app" method=GET path="/" host=mm-tests1.herokuapp.com request_id=272f3921-9f04-400f-9bf7-2918c8e4b986 fwd="109.233.92.25" dyno= connect= service= status=502 bytes= protocol=https
2022-01-02T19:25:52.376261+00:00 heroku[router]: at=info code=H81 desc="Blank app" method=GET path="/favicon.ico" host=mm-tests1.herokuapp.com request_id=1f05789c-c3d9-4f13-a194-cdc46091f220 fwd="109.233.92.25" dyno= connect= service= status=502 bytes= protocol=https
2022-01-02T19:30:23.572418+00:00 heroku[router]: at=info code=H81 desc="Blank app" method=GET path="/" host=mm-tests1.herokuapp.com request_id=e08b2f06-4a18-4fab-a5f0-dab4f0775a34 fwd="109.233.92.25" dyno= connect= service= status=502 bytes= protocol=https
2022-01-02T19:30:23.663474+00:00 heroku[router]: at=info code=H81 desc="Blank app" method=GET path="/favicon.ico" host=mm-tests1.herokuapp.com request_id=670dd10b-072a-4fbd-8aa4-277d634477d1 fwd="109.233.92.25" dyno= connect= service= status=502 bytes= protocol=https
2022-01-02T19:30:37.000000+00:00 app[api]: Build started by user piotr.mitkowski87@gmail.com
2022-01-02T19:31:00.000000+00:00 app[api]: Build failed -- check your build output: https://dashboard.heroku.com/apps/ec77a0b1-1d5e-40cf-9a7a-29c772d92ef2/activity/builds/73bb91d3-ca6b-4814-ab46-341b03228e5d
2022-01-02T19:31:12.862938+00:00 heroku[router]: at=info code=H81 desc="Blank app" method=GET path="/" host=mm-tests1.herokuapp.com request_id=e240bfa5-bc61-471d-8286-00df19deb8c1 fwd="109.233.92.25" dyno= connect= service= status=502 bytes= protocol=https
2022-01-02T19:31:12.893949+00:00 heroku[router]: at=info code=H81 desc="Blank app" method=GET path="/favicon.ico" host=mm-tests1.herokuapp.com request_id=40b8cacc-92a1-4936-8262-542e6b2e2ea0 fwd="109.233.92.25" dyno= connect= service= status=502 bytes= protocol=https
2022-01-02T19:31:14.588023+00:00 heroku[router]: at=info code=H81 desc="Blank app" method=GET path="/" host=mm-tests1.herokuapp.com request_id=28ccafd4-efc7-4fcb-a15d-8d280e980e06 fwd="109.233.92.25" dyno= connect= service= status=502 bytes= protocol=https
2022-01-02T19:31:14.760284+00:00 heroku[router]: at=info code=H81 desc="Blank app" method=GET path="/favicon.ico" host=mm-tests1.herokuapp.com request_id=8620c285-a72b-4a94-8811-e7601d849b24 fwd="109.233.92.25" dyno= connect= service= status=502 bytes= protocol=https
2022-01-02T19:35:24.000000+00:00 app[api]: Build started by user piotr.mitkowski87@gmail.com
2022-01-02T19:35:47.000000+00:00 app[api]: Build failed -- check your build output: https://dashboard.heroku.com/apps/ec77a0b1-1d5e-40cf-9a7a-29c772d92ef2/activity/builds/ec4b0963-c821-4750-b975-de5670203a14
2022-01-02T20:07:55.705875+00:00 heroku[router]: at=info code=H81 desc="Blank app" method=GET path="/" host=mm-tests1.herokuapp.com request_id=dc9bc606-2c2f-4503-b145-684100a41bad fwd="109.233.92.25" dyno= connect= service= status=502 bytes= protocol=https
2022-01-02T20:07:55.784661+00:00 heroku[router]: at=info code=H81 desc="Blank app" method=GET path="/favicon.ico" host=mm-tests1.herokuapp.com request_id=cf40fd18-0a16-4e83-acab-3842e283ec66 fwd="109.233.92.25" dyno= connect= service= status=502 bytes= protocol=https
2022-01-02T22:05:32.801307+00:00 heroku[router]: at=info code=H81 desc="Blank app" method=GET path="/" host=mm-tests1.herokuapp.com request_id=bb660110-eb14-4a95-b597-0b816b56df17 fwd="109.233.92.25" dyno= connect= service= status=502 bytes= protocol=https
2022-01-02T22:05:32.897010+00:00 heroku[router]: at=info code=H81 desc="Blank app" method=GET path="/favicon.ico" host=mm-tests1.herokuapp.com request_id=b03f0e74-ad56-4757-ac6e-9e3ba38ad17a fwd="109.233.92.25" dyno= connect= service= status=502 bytes= protocol=https
2022-01-02T22:23:06.000000+00:00 app[api]: Build started by user piotr.mitkowski87@gmail.com
2022-01-02T22:23:29.000000+00:00 app[api]: Build failed -- check your build output: https://dashboard.heroku.com/apps/ec77a0b1-1d5e-40cf-9a7a-29c772d92ef2/activity/builds/01a69cb3-08e7-4f29-876a-82b446d7c200
2022-01-02T22:30:47.000000+00:00 app[api]: Build started by user piotr.mitkowski87@gmail.com
2022-01-02T22:31:11.000000+00:00 app[api]: Build failed -- check your build output: https://dashboard.heroku.com/apps/ec77a0b1-1d5e-40cf-9a7a-29c772d92ef2/activity/builds/25f6a0a0-4c2b-4ead-835b-865fa76ad9c1
2022-01-02T22:31:19.000000+00:00 app[api]: Build started by user piotr.mitkowski87@gmail.com
2022-01-02T22:31:41.000000+00:00 app[api]: Build failed -- check your build output: https://dashboard.heroku.com/apps/ec77a0b1-1d5e-40cf-9a7a-29c772d92ef2/activity/builds/36443beb-0084-4bcc-982e-4ab80d2261b0
2022-01-02T22:32:36.000000+00:00 app[api]: Build started by user piotr.mitkowski87@gmail.com
2022-01-02T22:32:59.000000+00:00 app[api]: Build failed -- check your build output: https://dashboard.heroku.com/apps/ec77a0b1-1d5e-40cf-9a7a-29c772d92ef2/activity/builds/16f15814-42ed-4f2e-8c72-e3a5d5064b01
2022-01-02T22:35:21.000000+00:00 app[api]: Build started by user piotr.mitkowski87@gmail.com
2022-01-02T22:36:07.380074+00:00 app[api]: Running release v3 commands by user piotr.mitkowski87@gmail.com
2022-01-02T22:36:07.380074+00:00 app[api]: Attach DATABASE (@ref:postgresql-asymmetrical-60090) by user piotr.mitkowski87@gmail.com
2022-01-02T22:36:07.397406+00:00 app[api]: @ref:postgresql-asymmetrical-60090 completed provisioning, setting DATABASE_URL. by user piotr.mitkowski87@gmail.com
2022-01-02T22:36:07.397406+00:00 app[api]: Release v4 created by user piotr.mitkowski87@gmail.com
2022-01-02T22:36:07.987065+00:00 app[api]: Release v5 created by user piotr.mitkowski87@gmail.com
2022-01-02T22:36:07.987065+00:00 app[api]: Deploy fb698f11 by user piotr.mitkowski87@gmail.com
2022-01-02T22:36:16.895599+00:00 heroku[router]: at=error code=H14 desc="No web processes running" method=GET path="/" host=mm-tests1.herokuapp.com request_id=638374d4-e4ca-417b-ae40-4a95c43d52dd fwd="109.233.92.25" dyno= connect= service= status=503 bytes= protocol=https
2022-01-02T22:36:17.000000+00:00 app[api]: Build succeeded
2022-01-02T22:36:17.115779+00:00 heroku[router]: at=error code=H14 desc="No web processes running" method=GET path="/favicon.ico" host=mm-tests1.herokuapp.com request_id=83833121-eac3-46b3-aa2d-3941a84b05a4 fwd="109.233.92.25" dyno= connect= service= status=503 bytes= protocol=https
2022-01-02T22:36:20.971553+00:00 heroku[router]: at=error code=H14 desc="No web processes running" method=GET path="/" host=mm-tests1.herokuapp.com request_id=48699ebd-d108-4d86-bfde-5efea232a238 fwd="109.233.92.25" dyno= connect= service= status=503 bytes= protocol=https
2022-01-02T22:36:21.070989+00:00 heroku[router]: at=error code=H14 desc="No web processes running" method=GET path="/favicon.ico" host=mm-tests1.herokuapp.com request_id=34dc8335-6130-4b2d-a6bf-cbfe53f5e24f fwd="109.233.92.25" dyno= connect= service= status=503 bytes= protocol=https
